[fold 0] features (41182, 256979)  (6s)
    lr done (187s)
/home/namdp36/oai/work/.venv/lib/python3.10/site-packages/sklearn/svm/_base.py:1250: ConvergenceWarning: Liblinear failed to converge, increase the number of iterations.
  warnings.warn(
/home/namdp36/oai/work/.venv/lib/python3.10/site-packages/sklearn/svm/_base.py:1250: ConvergenceWarning: Liblinear failed to converge, increase the number of iterations.
  warnings.warn(
/home/namdp36/oai/work/.venv/lib/python3.10/site-packages/sklearn/svm/_base.py:1250: ConvergenceWarning: Liblinear failed to converge, increase the number of iterations.
  warnings.warn(
/home/namdp36/oai/work/.venv/lib/python3.10/site-packages/sklearn/svm/_base.py:1250: ConvergenceWarning: Liblinear failed to converge, increase the number of iterations.
  warnings.warn(
/home/namdp36/oai/work/.venv/lib/python3.10/site-packages/sklearn/svm/_base.py:1250: ConvergenceWarning: Liblinear failed to converge, increase the number of iterations.
  warnings.warn(
/home/namdp36/oai/work/.venv/lib/python3.10/site-packages/sklearn/svm/_base.py:1250: ConvergenceWarning: Liblinear failed to converge, increase the number of iterations.
  warnings.warn(
    svc done (537s)
/home/namdp36/oai/work/.venv/lib/python3.10/site-packages/sklearn/linear_model/_stochastic_gradient.py:726: ConvergenceWarning: Maximum number of iteration reached before convergence. Consider increasing max_iter to improve the fit.
  warnings.warn(
/home/namdp36/oai/work/.venv/lib/python3.10/site-packages/sklearn/linear_model/_stochastic_gradient.py:726: ConvergenceWarning: Maximum number of iteration reached before convergence. Consider increasing max_iter to improve the fit.
  warnings.warn(
    sgd done (538s)
    nb done (538s)
    gbm done (548s)
[fold 1] features (41278, 258802)  (6s)
    lr done (173s)
/home/namdp36/oai/work/.venv/lib/python3.10/site-packages/sklearn/svm/_base.py:1250: ConvergenceWarning: Liblinear failed to converge, increase the number of iterations.
  warnings.warn(
/home/namdp36/oai/work/.venv/lib/python3.10/site-packages/sklearn/svm/_base.py:1250: ConvergenceWarning: Liblinear failed to converge, increase the number of iterations.
  warnings.warn(
/home/namdp36/oai/work/.venv/lib/python3.10/site-packages/sklearn/svm/_base.py:1250: ConvergenceWarning: Liblinear failed to converge, increase the number of iterations.
  warnings.warn(
/home/namdp36/oai/work/.venv/lib/python3.10/site-packages/sklearn/svm/_base.py:1250: ConvergenceWarning: Liblinear failed to converge, increase the number of iterations.
  warnings.warn(
/home/namdp36/oai/work/.venv/lib/python3.10/site-packages/sklearn/svm/_base.py:1250: ConvergenceWarning: Liblinear failed to converge, increase the number of iterations.
  warnings.warn(
/home/namdp36/oai/work/.venv/lib/python3.10/site-packages/sklearn/svm/_base.py:1250: ConvergenceWarning: Liblinear failed to converge, increase the number of iterations.
  warnings.warn(
    svc done (539s)
/home/namdp36/oai/work/.venv/lib/python3.10/site-packages/sklearn/linear_model/_stochastic_gradient.py:726: ConvergenceWarning: Maximum number of iteration reached before convergence. Consider increasing max_iter to improve the fit.
  warnings.warn(
/home/namdp36/oai/work/.venv/lib/python3.10/site-packages/sklearn/linear_model/_stochastic_gradient.py:726: ConvergenceWarning: Maximum number of iteration reached before convergence. Consider increasing max_iter to improve the fit.
  warnings.warn(
    sgd done (540s)
    nb done (540s)
    gbm done (550s)
[fold 2] features (41385, 258396)  (7s)
    lr done (197s)
/home/namdp36/oai/work/.venv/lib/python3.10/site-packages/sklearn/svm/_base.py:1250: ConvergenceWarning: Liblinear failed to converge, increase the number of iterations.
  warnings.warn(
/home/namdp36/oai/work/.venv/lib/python3.10/site-packages/sklearn/svm/_base.py:1250: ConvergenceWarning: Liblinear failed to converge, increase the number of iterations.
  warnings.warn(
/home/namdp36/oai/work/.venv/lib/python3.10/site-packages/sklearn/svm/_base.py:1250: ConvergenceWarning: Liblinear failed to converge, increase the number of iterations.
  warnings.warn(
/home/namdp36/oai/work/.venv/lib/python3.10/site-packages/sklearn/svm/_base.py:1250: ConvergenceWarning: Liblinear failed to converge, increase the number of iterations.
  warnings.warn(
/home/namdp36/oai/work/.venv/lib/python3.10/site-packages/sklearn/svm/_base.py:1250: ConvergenceWarning: Liblinear failed to converge, increase the number of iterations.
  warnings.warn(
/home/namdp36/oai/work/.venv/lib/python3.10/site-packages/sklearn/svm/_base.py:1250: ConvergenceWarning: Liblinear failed to converge, increase the number of iterations.
  warnings.warn(
    svc done (584s)
/home/namdp36/oai/work/.venv/lib/python3.10/site-packages/sklearn/linear_model/_stochastic_gradient.py:726: ConvergenceWarning: Maximum number of iteration reached before convergence. Consider increasing max_iter to improve the fit.
  warnings.warn(
/home/namdp36/oai/work/.venv/lib/python3.10/site-packages/sklearn/linear_model/_stochastic_gradient.py:726: ConvergenceWarning: Maximum number of iteration reached before convergence. Consider increasing max_iter to improve the fit.
  warnings.warn(
    sgd done (584s)
    nb done (585s)
    gbm done (596s)
[fold 3] features (41139, 256940)  (7s)
    lr done (198s)
/home/namdp36/oai/work/.venv/lib/python3.10/site-packages/sklearn/svm/_base.py:1250: ConvergenceWarning: Liblinear failed to converge, increase the number of iterations.
  warnings.warn(
/home/namdp36/oai/work/.venv/lib/python3.10/site-packages/sklearn/svm/_base.py:1250: ConvergenceWarning: Liblinear failed to converge, increase the number of iterations.
  warnings.warn(
/home/namdp36/oai/work/.venv/lib/python3.10/site-packages/sklearn/svm/_base.py:1250: ConvergenceWarning: Liblinear failed to converge, increase the number of iterations.
  warnings.warn(
/home/namdp36/oai/work/.venv/lib/python3.10/site-packages/sklearn/svm/_base.py:1250: ConvergenceWarning: Liblinear failed to converge, increase the number of iterations.
  warnings.warn(
/home/namdp36/oai/work/.venv/lib/python3.10/site-packages/sklearn/svm/_base.py:1250: ConvergenceWarning: Liblinear failed to converge, increase the number of iterations.
  warnings.warn(
/home/namdp36/oai/work/.venv/lib/python3.10/site-packages/sklearn/svm/_base.py:1250: ConvergenceWarning: Liblinear failed to converge, increase the number of iterations.
  warnings.warn(
    svc done (551s)
/home/namdp36/oai/work/.venv/lib/python3.10/site-packages/sklearn/linear_model/_stochastic_gradient.py:726: ConvergenceWarning: Maximum number of iteration reached before convergence. Consider increasing max_iter to improve the fit.
  warnings.warn(
/home/namdp36/oai/work/.venv/lib/python3.10/site-packages/sklearn/linear_model/_stochastic_gradient.py:726: ConvergenceWarning: Maximum number of iteration reached before convergence. Consider increasing max_iter to improve the fit.
  warnings.warn(
    sgd done (552s)
    nb done (552s)
    gbm done (564s)
[fold 4] features (41668, 258115)  (7s)
    lr done (177s)
/home/namdp36/oai/work/.venv/lib/python3.10/site-packages/sklearn/svm/_base.py:1250: ConvergenceWarning: Liblinear failed to converge, increase the number of iterations.
  warnings.warn(
/home/namdp36/oai/work/.venv/lib/python3.10/site-packages/sklearn/svm/_base.py:1250: ConvergenceWarning: Liblinear failed to converge, increase the number of iterations.
  warnings.warn(
/home/namdp36/oai/work/.venv/lib/python3.10/site-packages/sklearn/svm/_base.py:1250: ConvergenceWarning: Liblinear failed to converge, increase the number of iterations.
  warnings.warn(
/home/namdp36/oai/work/.venv/lib/python3.10/site-packages/sklearn/svm/_base.py:1250: ConvergenceWarning: Liblinear failed to converge, increase the number of iterations.
  warnings.warn(
/home/namdp36/oai/work/.venv/lib/python3.10/site-packages/sklearn/svm/_base.py:1250: ConvergenceWarning: Liblinear failed to converge, increase the number of iterations.
  warnings.warn(
/home/namdp36/oai/work/.venv/lib/python3.10/site-packages/sklearn/svm/_base.py:1250: ConvergenceWarning: Liblinear failed to converge, increase the number of iterations.
  warnings.warn(
    svc done (508s)
/home/namdp36/oai/work/.venv/lib/python3.10/site-packages/sklearn/linear_model/_stochastic_gradient.py:726: ConvergenceWarning: Maximum number of iteration reached before convergence. Consider increasing max_iter to improve the fit.
  warnings.warn(
/home/namdp36/oai/work/.venv/lib/python3.10/site-packages/sklearn/linear_model/_stochastic_gradient.py:726: ConvergenceWarning: Maximum number of iteration reached before convergence. Consider increasing max_iter to improve the fit.
  warnings.warn(
    sgd done (508s)
    nb done (509s)
    gbm done (520s)

=== per-model OOF (51663 rows) ===
  lr    hate=0.6544 noise=0.7053 SCORE=0.6621
  svc   hate=0.6296 noise=0.6794 SCORE=0.6371
  sgd   hate=0.5747 noise=0.6386 SCORE=0.5843
  nb    hate=0.5059 noise=0.5250 SCORE=0.5088
  gbm   hate=0.4076 noise=0.6779 SCORE=0.4481
[saved] oof/mlpure_*_oof.npz
